// Jest Snapshot v1, https://goo.gl/fbAQLP

exports[`Test suit for Setting popup should render without error 1`] = `<DocumentFragment />`;
